example/partials/partialOne.html
heading|issue|element|id|class|line|column|description
NOTICE|WCAG2A.Principle2.Guideline2_4.2_4_4.H77,H78,H79,H80,H81|<a id="herpDerp" class="test Element" href="test">Test</a>|herpDerp|test Element|2|0|Check that the link text combined with programmatically determined link context identifies the purpose of the link.
NOTICE|WCAG2A.Principle2.Guideline2_4.2_4_4.H77,H78,H79,H80,H81|<a href="test">Test</a>|||3|0|Check that the link text combined with programmatically determined link context identifies the purpose of the link.
NOTICE|WCAG2A.Principle2.Guideline2_4.2_4_4.H77,H78,H79,H80,H81|<a href="test" class="herp">Test</a>||herp|4|0|Check that the link text combined with programmatically determined link context identifies the purpose of the link.
example/partials/partialTwo.html
heading|issue|element|id|class|line|column|description
NOTICE|WCAG2A.Principle2.Guideline2_4.2_4_4.H77,H78,H79,H80,H81|<a id="herpDerp" class="test Element" href="test">Test</a>|herpDerp|test Element|2|0|Check that the link text combined with programmatically determined link context identifies the purpose of the link.
NOTICE|WCAG2A.Principle2.Guideline2_4.2_4_4.H77,H78,H79,H80,H81|<a href="test">Test</a>|||3|0|Check that the link text combined with programmatically determined link context identifies the purpose of the link.
NOTICE|WCAG2A.Principle2.Guideline2_4.2_4_4.H77,H78,H79,H80,H81|<a href="test" class="herp">Test</a>||herp|4|0|Check that the link text combined with programmatically determined link context identifies the purpose of the link.
example/test.html
heading|issue|element|id|class|line|column|description
NOTICE|WCAG2A.Principle2.Guideline2_4.2_4_2.H25.2|<title>Test One</title>|||4|4|Check that the title element describes the document.
NOTICE|WCAG2A.Principle2.Guideline2_4.2_4_4.H77,H78,H79,H80,H81|<a id="herpDerp" class="test Element" href="test">Test</a>|herpDerp|test Element|8|4|Check that the link text combined with programmatically determined link context identifies the purpose of the link.
NOTICE|WCAG2A.Principle2.Guideline2_4.2_4_4.H77,H78,H79,H80,H81|<a href="test">Test</a>|||9|4|Check that the link text combined with programmatically determined link context identifies the purpose of the link.
NOTICE|WCAG2A.Principle2.Guideline2_4.2_4_4.H77,H78,H79,H80,H81|<a href="test" class="herp">Test</a>||herp|10|4|Check that the link text combined with programmatically determined link context identifies the purpose of the link.
example/two.html
heading|issue|element|id|class|line|column|description
NOTICE|WCAG2A.Principle2.Guideline2_4.2_4_2.H25.2|<title>Test Two</title>|||4|4|Check that the title element describes the document.
NOTICE|WCAG2A.Principle2.Guideline2_4.2_4_4.H77,H78,H79,H80,H81|<a id="herpDerp" class="test Element" href="test">Test</a>|herpDerp|test Element|8|4|Check that the link text combined with programmatically determined link context identifies the purpose of the link.
NOTICE|WCAG2A.Principle2.Guideline2_4.2_4_4.H77,H78,H79,H80,H81|<a href="test">Test</a>|||9|4|Check that the link text combined with programmatically determined link context identifies the purpose of the link.
NOTICE|WCAG2A.Principle2.Guideline2_4.2_4_4.H77,H78,H79,H80,H81|<a href="test" class="herp">Test</a>||herp|10|4|Check that the link text combined with programmatically determined link context identifies the purpose of the link.
