{"example/partials/partialOne.html":{"counters":{"error":0,"notice":3,"warning":0},"messageLog":[{"heading":"NOTICE","issue":"WCAG2A.Principle2.Guideline2_4.2_4_4.H77,H78,H79,H80,H81","description":"Check that the link text combined with programmatically determined link context identifies the purpose of the link.","position":{"lineNumber":2,"columnNumber":0},"element":{"node":"<a id=\"herpDerp\" class=\"test Element\" href=\"test\">Test</a>","class":"test Element","id":"herpDerp"}},{"heading":"NOTICE","issue":"WCAG2A.Principle2.Guideline2_4.2_4_4.H77,H78,H79,H80,H81","description":"Check that the link text combined with programmatically determined link context identifies the purpose of the link.","position":{"lineNumber":3,"columnNumber":0},"element":{"node":"<a href=\"test\">Test</a>","class":"","id":""}},{"heading":"NOTICE","issue":"WCAG2A.Principle2.Guideline2_4.2_4_4.H77,H78,H79,H80,H81","description":"Check that the link text combined with programmatically determined link context identifies the purpose of the link.","position":{"lineNumber":4,"columnNumber":0},"element":{"node":"<a href=\"test\" class=\"herp\">Test</a>","class":"herp","id":""}}]},"example/partials/partialTwo.html":{"counters":{"error":0,"notice":3,"warning":0},"messageLog":[{"heading":"NOTICE","issue":"WCAG2A.Principle2.Guideline2_4.2_4_4.H77,H78,H79,H80,H81","description":"Check that the link text combined with programmatically determined link context identifies the purpose of the link.","position":{"lineNumber":2,"columnNumber":0},"element":{"node":"<a id=\"herpDerp\" class=\"test Element\" href=\"test\">Test</a>","class":"test Element","id":"herpDerp"}},{"heading":"NOTICE","issue":"WCAG2A.Principle2.Guideline2_4.2_4_4.H77,H78,H79,H80,H81","description":"Check that the link text combined with programmatically determined link context identifies the purpose of the link.","position":{"lineNumber":3,"columnNumber":0},"element":{"node":"<a href=\"test\">Test</a>","class":"","id":""}},{"heading":"NOTICE","issue":"WCAG2A.Principle2.Guideline2_4.2_4_4.H77,H78,H79,H80,H81","description":"Check that the link text combined with programmatically determined link context identifies the purpose of the link.","position":{"lineNumber":4,"columnNumber":0},"element":{"node":"<a href=\"test\" class=\"herp\">Test</a>","class":"herp","id":""}}]},"example/test.html":{"counters":{"error":0,"notice":4,"warning":0},"messageLog":[{"heading":"NOTICE","issue":"WCAG2A.Principle2.Guideline2_4.2_4_2.H25.2","description":"Check that the title element describes the document.","position":{"lineNumber":4,"columnNumber":4},"element":{"node":"<title>Test One</title>","class":"","id":""}},{"heading":"NOTICE","issue":"WCAG2A.Principle2.Guideline2_4.2_4_4.H77,H78,H79,H80,H81","description":"Check that the link text combined with programmatically determined link context identifies the purpose of the link.","position":{"lineNumber":8,"columnNumber":4},"element":{"node":"<a id=\"herpDerp\" class=\"test Element\" href=\"test\">Test</a>","class":"test Element","id":"herpDerp"}},{"heading":"NOTICE","issue":"WCAG2A.Principle2.Guideline2_4.2_4_4.H77,H78,H79,H80,H81","description":"Check that the link text combined with programmatically determined link context identifies the purpose of the link.","position":{"lineNumber":9,"columnNumber":4},"element":{"node":"<a href=\"test\">Test</a>","class":"","id":""}},{"heading":"NOTICE","issue":"WCAG2A.Principle2.Guideline2_4.2_4_4.H77,H78,H79,H80,H81","description":"Check that the link text combined with programmatically determined link context identifies the purpose of the link.","position":{"lineNumber":10,"columnNumber":4},"element":{"node":"<a href=\"test\" class=\"herp\">Test</a>","class":"herp","id":""}}]},"example/two.html":{"counters":{"error":0,"notice":4,"warning":0},"messageLog":[{"heading":"NOTICE","issue":"WCAG2A.Principle2.Guideline2_4.2_4_2.H25.2","description":"Check that the title element describes the document.","position":{"lineNumber":4,"columnNumber":4},"element":{"node":"<title>Test Two</title>","class":"","id":""}},{"heading":"NOTICE","issue":"WCAG2A.Principle2.Guideline2_4.2_4_4.H77,H78,H79,H80,H81","description":"Check that the link text combined with programmatically determined link context identifies the purpose of the link.","position":{"lineNumber":8,"columnNumber":4},"element":{"node":"<a id=\"herpDerp\" class=\"test Element\" href=\"test\">Test</a>","class":"test Element","id":"herpDerp"}},{"heading":"NOTICE","issue":"WCAG2A.Principle2.Guideline2_4.2_4_4.H77,H78,H79,H80,H81","description":"Check that the link text combined with programmatically determined link context identifies the purpose of the link.","position":{"lineNumber":9,"columnNumber":4},"element":{"node":"<a href=\"test\">Test</a>","class":"","id":""}},{"heading":"NOTICE","issue":"WCAG2A.Principle2.Guideline2_4.2_4_4.H77,H78,H79,H80,H81","description":"Check that the link text combined with programmatically determined link context identifies the purpose of the link.","position":{"lineNumber":10,"columnNumber":4},"element":{"node":"<a href=\"test\" class=\"herp\">Test</a>","class":"herp","id":""}}]}}